go : # github.com/MrEthical07/superapi/internal/modules/home 
[github.com/MrEthical07/superapi/internal/modules/home.test]
At line:1 char:272
+ ... s','./internal/modules/sidebar'); go test $pkgs -count=1 2>&1 | Tee-O ...
+                                       ~~~~~~~~~~~~~~~~~~~~~~~~~~~
    + CategoryInfo          : NotSpecified: (# github.com/Mr...ules/home.test] 
   :String) [], RemoteException
    + FullyQualifiedErrorId : NativeCommandError
 
internal\modules\home\service.go:436:4: syntax error: unexpected name b, 
expected case or default or }
internal\modules\home\service.go:438:3: syntax error: unexpected keyword case, 
expected :
internal\modules\home\service.go:439:4: syntax error: unexpected keyword if at 
end of statement
FAIL	github.com/MrEthical07/superapi/internal/modules/home [build failed]
ok  	github.com/MrEthical07/superapi/internal/modules/project	0.349s
ok  	github.com/MrEthical07/superapi/internal/modules/team	0.337s
ok  	github.com/MrEthical07/superapi/internal/modules/activity	0.329s
ok  	github.com/MrEthical07/superapi/internal/modules/calendar	0.336s
ok  	github.com/MrEthical07/superapi/internal/modules/pages	0.322s
ok  	github.com/MrEthical07/superapi/internal/modules/resources	0.329s
ok  	github.com/MrEthical07/superapi/internal/modules/artifacts	0.326s
ok  	github.com/MrEthical07/superapi/internal/modules/sidebar	0.338s
FAIL
